---
source: core/tests/suite/compact_remote.rs
expression: "format_labeled_requests_snapshot(\"Remote pre-turn auto-compaction with a context override emits the context diff in the compact request while excluding the incoming user message.\",\n&[(\"Pre-turn Work Notes Request\", &requests[2]),\n(\"Remote Compaction Request\", &compact_request),\n(\"Remote Post-Compaction History Layout\", &requests[3]),])"
---
Scenario: Remote pre-turn auto-compaction with a context override emits the context diff in the compact request while excluding the incoming user message.

## Pre-turn Work Notes Request
00:message/developer:<PERMISSIONS_INSTRUCTIONS>
01:message/user[2]:
    [01] <AGENTS_MD>
    [02] <ENVIRONMENT_CONTEXT:cwd=<CWD>>
02:message/user:USER_ONE
03:message/assistant:REMOTE_FIRST_REPLY
04:message/user:USER_TWO
05:message/assistant:REMOTE_SECOND_REPLY
06:message/developer:<AUTO_COMPACT_WORK_NOTES_REQUEST>\nToken limit is approaching an...

## Remote Compaction Request
00:message/developer:<PERMISSIONS_INSTRUCTIONS>
01:message/user[2]:
    [01] <AGENTS_MD>
    [02] <ENVIRONMENT_CONTEXT:cwd=<CWD>>
02:message/user:USER_ONE
03:message/assistant:REMOTE_FIRST_REPLY
04:message/user:USER_TWO
05:message/assistant:REMOTE_SECOND_REPLY

## Remote Post-Compaction History Layout
00:message/user:USER_ONE
01:message/user:USER_TWO
02:message/user:Immediately before compaction, the previous model emitted the fo...
03:compaction:encrypted=true
04:message/developer:<PERMISSIONS_INSTRUCTIONS>
05:message/user[2]:
    [01] <AGENTS_MD>
    [02] <ENVIRONMENT_CONTEXT:cwd=PRETURN_CONTEXT_DIFF_CWD>
06:message/user:USER_THREE
