---
source: core/tests/suite/compact.rs
expression: "format_labeled_requests_snapshot(\"Pre-sampling compaction on model switch to a smaller context window: current behavior compacts using prior-turn history only (incoming user message excluded), and the follow-up request carries compacted history plus the new user message.\",\n&[(\"Initial Request (Previous Model)\", &requests[0]),\n(\"Pre-sampling Work Notes Request\", &requests[1]),\n(\"Pre-sampling Compaction Request\", &requests[2]),\n(\"Post-Compaction Follow-up Request (Next Model)\", &requests[3]),])"
---
Scenario: Pre-sampling compaction on model switch to a smaller context window: current behavior compacts using prior-turn history only (incoming user message excluded), and the follow-up request carries compacted history plus the new user message.

## Initial Request (Previous Model)
00:message/developer:<PERMISSIONS_INSTRUCTIONS>
01:message/user[2]:
    [01] <AGENTS_MD>
    [02] <ENVIRONMENT_CONTEXT:cwd=<CWD>>
02:message/developer:<PERMISSIONS_INSTRUCTIONS>
03:message/user:before switch

## Pre-sampling Work Notes Request
00:message/developer:<PERMISSIONS_INSTRUCTIONS>
01:message/user[2]:
    [01] <AGENTS_MD>
    [02] <ENVIRONMENT_CONTEXT:cwd=<CWD>>
02:message/developer:<PERMISSIONS_INSTRUCTIONS>
03:message/user:before switch
04:message/assistant:before switch
05:message/developer:<AUTO_COMPACT_WORK_NOTES_REQUEST>\nToken limit is approaching an...

## Pre-sampling Compaction Request
00:message/developer:<PERMISSIONS_INSTRUCTIONS>
01:message/user[2]:
    [01] <AGENTS_MD>
    [02] <ENVIRONMENT_CONTEXT:cwd=<CWD>>
02:message/developer:<PERMISSIONS_INSTRUCTIONS>
03:message/user:before switch
04:message/assistant:before switch
05:message/user:<SUMMARIZATION_PROMPT>

## Post-Compaction Follow-up Request (Next Model)
00:message/user:before switch
01:message/user:Immediately before compaction, the previous model emitted the fo...
02:message/user:<COMPACTION_SUMMARY>\nPRE_SAMPLING_SUMMARY
03:message/developer[2]:
    [01] <model_switch>\nThe user was previously using a different model....
    [02] <PERMISSIONS_INSTRUCTIONS>
04:message/user[2]:
    [01] <AGENTS_MD>
    [02] <ENVIRONMENT_CONTEXT:cwd=<CWD>>
05:message/user:after switch
