---
source: core/tests/suite/compact_remote.rs
expression: "format_labeled_requests_snapshot(\"After a prior manual /compact produced an older remote compaction item, the next turn hits remote auto-compaction before the next sampling request. The compact request carries forward that earlier compaction item, and the next sampling request shows the latest compaction item with context reinjected before USER_TWO.\",\n&[(\"Pre-turn Work Notes Request\", &requests[1]),\n(\"Remote Compaction Request\", &compact_request),\n(\"Second Turn Request (After Compaction)\", second_turn_request),])"
---
Scenario: After a prior manual /compact produced an older remote compaction item, the next turn hits remote auto-compaction before the next sampling request. The compact request carries forward that earlier compaction item, and the next sampling request shows the latest compaction item with context reinjected before USER_TWO.

## Pre-turn Work Notes Request
00:message/user:USER_ONE
01:compaction:encrypted=true
02:message/developer:<AUTO_COMPACT_WORK_NOTES_REQUEST>\nToken limit is approaching an...

## Remote Compaction Request
00:message/user:USER_ONE
01:compaction:encrypted=true

## Second Turn Request (After Compaction)
00:message/user:USER_ONE
01:message/user:Immediately before compaction, the previous model emitted the fo...
02:compaction:encrypted=true
03:message/developer:<PERMISSIONS_INSTRUCTIONS>
04:message/user[2]:
    [01] <AGENTS_MD>
    [02] <ENVIRONMENT_CONTEXT:cwd=<CWD>>
05:message/user:USER_TWO
