---
source: core/tests/suite/compact.rs
expression: "format_labeled_requests_snapshot(\"Pre-turn compaction during model switch (without pre-sampling model-switch compaction): current behavior strips incoming <model_switch> from the compact request and restores it in the post-compaction follow-up request.\",\n&[(\"Initial Request (Previous Model)\", &requests[0]),\n(\"Pre-turn Work Notes Request\", &requests[1]),\n(\"Local Compaction Request\", &requests[2]),\n(\"Local Post-Compaction History Layout\", &requests[3]),])"
---
Scenario: Pre-turn compaction during model switch (without pre-sampling model-switch compaction): current behavior strips incoming <model_switch> from the compact request and restores it in the post-compaction follow-up request.

## Initial Request (Previous Model)
00:message/developer:<PERMISSIONS_INSTRUCTIONS>
01:message/user[2]:
    [01] <AGENTS_MD>
    [02] <ENVIRONMENT_CONTEXT:cwd=<CWD>>
02:message/developer:<PERMISSIONS_INSTRUCTIONS>
03:message/user:BEFORE_SWITCH_USER

## Pre-turn Work Notes Request
00:message/developer:<PERMISSIONS_INSTRUCTIONS>
01:message/user[2]:
    [01] <AGENTS_MD>
    [02] <ENVIRONMENT_CONTEXT:cwd=<CWD>>
02:message/developer:<PERMISSIONS_INSTRUCTIONS>
03:message/user:BEFORE_SWITCH_USER
04:message/assistant:BEFORE_SWITCH_REPLY
05:message/developer:<AUTO_COMPACT_WORK_NOTES_REQUEST>\nToken limit is approaching an...

## Local Compaction Request
00:message/developer:<PERMISSIONS_INSTRUCTIONS>
01:message/user[2]:
    [01] <AGENTS_MD>
    [02] <ENVIRONMENT_CONTEXT:cwd=<CWD>>
02:message/developer:<PERMISSIONS_INSTRUCTIONS>
03:message/user:BEFORE_SWITCH_USER
04:message/assistant:BEFORE_SWITCH_REPLY
05:message/user:<SUMMARIZATION_PROMPT>

## Local Post-Compaction History Layout
00:message/user:BEFORE_SWITCH_USER
01:message/user:Immediately before compaction, the previous model emitted the fo...
02:message/user:<COMPACTION_SUMMARY>\nPRETURN_SWITCH_SUMMARY
03:message/developer[3]:
    [01] <model_switch>\nThe user was previously using a different model....
    [02] <PERMISSIONS_INSTRUCTIONS>
    [03] <personality_spec> The user has requested a new communication st...
04:message/user[2]:
    [01] <AGENTS_MD>
    [02] <ENVIRONMENT_CONTEXT:cwd=<CWD>>
05:message/user:AFTER_SWITCH_USER
