---
source: tui/src/chatwidget/tests.rs
expression: term.backend().vt100().screen().contents()
---
• Working (0s • esc to interrupt)

  ↳ Queued while /review is running.
    ⌥ + ↑ edit · ⌃ + o queue · /queue

› Ask Codex to do anything

  ? for shortcuts                                            100% context left
