---
source: tui/src/chatwidget/tests.rs
assertion_line: 1892
expression: terminal.backend()
---
"                                                                                "
"• Working (0s • esc to pause)                                                   "
"  1 background terminal running · /ps to view                                   "
"                                                                                "
"                                                                                "
"› Ask Codex to do anything                                                      "
"                                                                                "
"  gpt-5.4 default · 100% left · ~/workspace/custom-builds/codex/codex-rs/tui    "
