---
source: tui/src/chatwidget/tests.rs
expression: popup
---
  Approaching rate limits
  Switch to GPT-5.4-Mini for lower credit usage?

› 1. Switch to GPT-5.4-Mini                 Smaller frontier agentic coding
                                            model.
  2. Keep current model
  3. Keep current model (never show again)  Hide future rate limit reminders
                                            about switching models.

  Press enter to confirm or esc to go back
