---
source: tui/src/chatwidget/tests.rs
expression: term.backend().vt100().screen().contents()
---



























• I’m going to search the repo for where “Change Approved” is rendered to update
  that view.

• Explored
  └ Search Change Approved
    Read diff_render.rs

• Investigating rendering code · gpt-5.4 (reasoning default) · (0s • esc to inte


› Summarize recent commits

  gpt-5.4 default · 100% left · ~/workspace/custom-builds/codex/codex-rs/tui
