---
source: tui/src/chatwidget/tests.rs
assertion_line: 7392
expression: popup
---
  Select Model and Effort
  Access legacy models by running codex -m <model_name> or in your config.toml

› 1. gpt-5.4 (default)  Latest frontier agentic coding model.
  2. gpt-5.2            Latest frontier model with improvements across
                        knowledge, reasoning and coding
  3. gpt-5              Broad world knowledge with strong general reasoning.

  Press enter to select reasoning effort, or esc to dismiss.
